did test_audio_delete_2026_09_18.py ec=1 p=0 f=0
did test_auth.py ec=1 p=8 f=5
did test_bond_loop.py ec=0 p=0 f=0
did test_asks.py ec=1 p=36 f=0
did test_bugfix_clean_title_2026_09_19.py ec=0 p=8 f=0
did test_ai_images.py ec=1 p=45 f=1
did test_bugfix_csrf_2026_09_19.py ec=1 p=0 f=0
did test_bugfix_form_ratelimit_burn_2026_09_20.py ec=1 p=1 f=1
did test_bond_v2.py ec=0 p=0 f=0
did test_agent_memory.py ec=0 p=37 f=0
did test_bounties.py ec=0 p=73 f=0
did test_brand.py ec=1 p=26 f=1
did test_bugfix_nonce_ratelimit_2026_09_19.py ec=0 p=0 f=0
did test_bugfix_sqlite_contention_2026_09_19.py ec=0 p=8 f=0
did test_bugfix_open_redirects_2026_09_19.py ec=1 p=20 f=0
did test_community_episodes.py ec=0 p=15 f=0
did test_comments_pro.py ec=1 p=0 f=0
did test_bugfix_validate_before_limit_2026_09_19.py ec=0 p=0 f=0
did test_bugfix_redirects_2026_09_19.py ec=0 p=0 f=0
did test_collab.py ec=0 p=59 f=0
did test_episode_comments_2026_09_18.py ec=0 p=22 f=0
did test_episode_ordering.py ec=0 p=0 f=0
did test_dm_2026_09_24.py ec=0 p=0 f=0
did test_dm_human_access_2026_09_25.py ec=0 p=0 f=0
did test_clip_delete_2026_09_23.py ec=0 p=18 f=0
did test_events.py ec=0 p=48 f=0
did test_duets.py ec=0 p=53 f=0
did test_expansion.py ec=0 p=53 f=0
did test_fs_400s_2026_09_18.py ec=0 p=4 f=0
did test_gifs.py ec=1 p=39 f=1
did test_identity.py ec=1 p=30 f=0
did test_identity_key_rotation.py ec=0 p=12 f=0
did test_drift_adopt.py ec=0 p=31 f=0
did test_human_usability.py ec=1 p=16 f=7
did test_kind_tags.py ec=1 p=14 f=0
did test_linking.py ec=1 p=1 f=0
did test_listening_rooms_2026_09_21.py ec=2 p=0 f=0
did test_mod_approval.py ec=1 p=7 f=0
did test_mod_notifications.py ec=1 p=0 f=0
did test_links.py ec=1 p=15 f=12
did test_memory.py ec=1 p=76 f=1
did test_onboard_starter_skills.py ec=1 p=0 f=2
did test_orb_snap.py ec=1 p=39 f=1
did test_notifications.py ec=1 p=1 f=0
did test_onboard.py ec=1 p=2 f=0
did test_onboard_life.py ec=1 p=5 f=0
did test_p1_2026_09_18.py ec=1 p=20 f=2
did test_openmic.py ec=1 p=0 f=0
did test_musefm.py ec=0 p=78 f=0
did test_pet_fusion.py ec=0 p=21 f=0
did test_p1_csrf_human_handle_2026_09_18.py ec=1 p=0 f=0
did test_pet_onboarding.py ec=1 p=13 f=0
did test_reefdex_nap.py ec=1 p=9 f=1
did test_photo_nav_2026_09_23.py ec=0 p=14 f=0
did test_pet_presence.py ec=0 p=24 f=0
did test_pets.py ec=1 p=101 f=1
did test_rewards.py ec=1 p=49 f=0
did test_shop_idem_retry.py ec=0 p=4 f=0
did test_pet_ownership.py ec=0 p=21 f=0
did test_self_heal.py ec=0 p=0 f=0
did test_row.py ec=0 p=0 f=0
did test_shop_proxy.py ec=0 p=24 f=0
did test_shop.py ec=0 p=89 f=0
did test_row_player.py ec=0 p=40 f=0
did test_shorts.py ec=1 p=57 f=0
did test_shorts_shuffle.py ec=1 p=0 f=0
did test_shorts_seen_rotation.py ec=1 p=12 f=6
did test_signals.py ec=1 p=34 f=0
did test_sso_provider_2026_09_21.py ec=1 p=12 f=8
did test_sidebar.py ec=1 p=114 f=20
did test_testerloop_0046_p2s_2026_09_20.py ec=1 p=0 f=0
did test_swarm.py ec=0 p=71 f=0
did test_testerloop_1835_fixes_2026_09_19.py ec=1 p=4 f=0
did test_testerloop_1835_flood_wall_2026_09_20.py ec=1 p=12 f=4
did test_testerloop_1535_p2s_2026_09_23.py ec=1 p=2 f=6
did test_testerloop_1835_p2s_2026_09_23.py ec=1 p=3 f=2
did test_testerloop_bio_truncate_2026_09_22.py ec=1 p=0 f=0
did test_testerloop_empty_sig_2026_09_24.py ec=0 p=0 f=0
did test_testerloop_episode_comment_redirect_2026_09_22.py ec=1 p=0 f=0
did test_testerloop_comment_edit_truncate_2026_09_21.py ec=1 p=0 f=0
did test_testerloop_2135_p2s_2026_09_23.py ec=1 p=0 f=0
did test_testerloop_error_messages_2026_09_22.py ec=1 p=4 f=2
did test_testerloop_multipart_bool_2026_09_19.py ec=0 p=0 f=0
did test_testerloop_p2_2026_09_21.py ec=0 p=12 f=0
did test_testerloop_newline_preserve_2026_09_19.py ec=0 p=0 f=0
did test_testerloop_flag_messages_2026_09_19.py ec=1 p=0 f=0
did test_testerloop_json_notype_400_2026_09_23.py ec=0 p=5 f=0
did test_testerloop_logincsrf_2026_09_21.py ec=1 p=0 f=2
did test_testerloop_platformkey_envelope_2026_09_22.py ec=1 p=3 f=1
did test_testerloop_passport_envelope_2026_09_23.py ec=1 p=6 f=1
did test_testerloop_logout_csrf_2026_09_24.py ec=1 p=0 f=0
did test_testerloop_ratelimit_before_validate_2026_09_20.py ec=1 p=3 f=2
did test_testerloop_p2_2026_09_21_b.py ec=0 p=6 f=0
did test_testerloop_post_body_limit_2026_09_20.py ec=1 p=2 f=0
did test_testerloop_sig_missing_2026_09_24.py ec=0 p=0 f=0
did test_testerloop_rawint_exn_2026_09_22.py ec=1 p=3 f=3
did test_testerloop_search_q_500_2026_09_24.py ec=0 p=0 f=0
did test_testerloop_xff_direct_2026_09_22.py ec=0 p=4 f=0
did test_testerloop_react_login_budget_burn_2026_09_24.py ec=0 p=4 f=0
did test_tidepal_depth.py ec=0 p=99 f=0
did test_tidepal_social.py ec=0 p=68 f=0
did test_tidepal_homepage.py ec=1 p=2 f=1
did test_tidepal_social_routes.py ec=1 p=26 f=2
did test_upload_atomic_2026_09_23.py ec=0 p=10 f=0
did test_tidepal_world.py ec=1 p=101 f=0
did test_triage_route.py ec=0 p=19 f=0
did test_ui_fixes_2026_09_18.py ec=1 p=0 f=0
did test_trustline_bridge.py ec=0 p=23 f=0
did test_upload_audio_mimetype_2026_09_18.py ec=1 p=0 f=0
did test_uploads.py ec=1 p=0 f=0
did test_video.py ec=1 p=57 f=1
did test_video_comments.py ec=1 p=2 f=0
did test_workroom.py ec=1 p=17 f=2
did test_vote_stress.py ec=0 p=9 f=0
did test_workroom_bridge.py ec=1 p=0 f=0
did test_workroom_agent_loop.py ec=0 p=5 f=0
did test_workroom_private.py ec=1 p=5 f=0
did test_workroom_pilot.py ec=1 p=50 f=5
